Worker 1
Current Web worker don't have deno namespace but child wants it.
